audio_player.c:51:19:WM8978_Register_Wirter	40	static
audio_player.c:62:6:WAV_FileInit	4	static
audio_player.c:69:10:WAV_FileRead2	16	static
audio_player.c:91:19:HAL_I2S_Transmit_DMAEx	48	static
audio_player.c:174:13:DMAEx_XferCpltCallback	16	static
audio_player.c:187:13:DMAEx_XferM1CpltCallback	16	static
audio_player.c:203:13:DMAEx_XferErrorCallback	16	static
audio_player.c:208:6:Audio_Player_Init	8	static
audio_player.c:224:6:Audio_Set_Volume	16	static
audio_player.c:240:6:Audio_Player_Start	16	static
audio_player.c:256:6:Audio_Player_Pause	8	static
audio_player.c:261:6:Audio_Player_Resume	8	static
audio_player.c:266:6:Audio_Player_Stop	8	static
