main.c:95:1:__io_putchar	16	static
main.c:105:6:read_data	592	static
main.c:185:5:main	72	static
main.c:290:6:SystemClock_Config	88	static
main.c:339:13:MX_I2C1_Init	8	static
main.c:373:13:MX_I2S2_Init	8	static
main.c:407:13:MX_IWDG_Init	8	static
main.c:435:13:MX_SDIO_SD_Init	4	static
main.c:463:13:MX_USART1_UART_Init	8	static
main.c:494:13:MX_DMA_Init	16	static
main.c:519:13:MX_GPIO_Init	56	static
main.c:575:6:StartDefaultTask	32	static
main.c:606:6:StartTask02	32	static
main.c:638:6:HAL_TIM_PeriodElapsedCallback	16	static
main.c:655:6:Error_Handler	4	static,ignoring_inline_asm
