main.c:95:1:__io_putchar	16	static
main.c:105:6:read_data	592	static
main.c:185:5:main	72	static
main.c:296:6:SystemClock_Config	88	static
main.c:345:13:MX_I2C1_Init	8	static
main.c:379:13:MX_I2S2_Init	8	static
main.c:413:13:MX_IWDG_Init	8	static
main.c:441:13:MX_SDIO_SD_Init	4	static
main.c:469:13:MX_USART1_UART_Init	8	static
main.c:500:13:MX_DMA_Init	16	static
main.c:525:13:MX_GPIO_Init	56	static
main.c:581:6:StartDefaultTask	16	static
main.c:604:6:StartTask02	16	static
main.c:629:6:HAL_TIM_PeriodElapsedCallback	16	static
main.c:646:6:Error_Handler	4	static,ignoring_inline_asm
